[1/2496] exact     THE 1975 -> The 1975 3mIj9lX2MWuHmhNCA7LSCW
[2/2496] exact     BIFFY CLYRO -> Biffy Clyro 1km0R7wy712AzLkA1WjKET
[3/2496] exact     ALANIS MORISSETTE -> Alanis Morissette 6ogn9necmbUdCppmNnGOdi
[4/2496] exact     NEIL YOUNG AND THE CHROME HEARTS -> neil young and the chrome hearts 35S7T09aV4E9CC0R2RgTXK
[5/2496] exact     RAYE -> RAYE 5KKpBU5eC2tJDzf0wmlRp2
[6/2496] ambiguous OLIVIA RODRIGO -> Olivia Rodrigo 1McMsnEElThX1knmY4oliG
[7/2496] exact     NOAH KAHAN -> Noah Kahan 2RQXRUsr4IW1f3mKyKsy4B
[8/2496] exact     ROD STEWART -> Rod Stewart 2y8Jo9CKhJvtfeKOsYzRdT
[9/2496] exact     LOYLE CARNER -> Loyle Carner 4oDjh8wNW5vDHyFRrDYC4k
[10/2496] ambiguous CHARLI XCX -> Charli xcx 25uiPmTg16RbhZWAqwLBy5
[11/2496] exact     THE PRODIGY -> The Prodigy 4k1ELeJKT1ISyDv8JivPpB
[12/2496] ambiguous DOECHII -> Doechii 4E2rKHVDssGJm2SCDOMMJB
[13/2496] ambiguous JOHN FOGERTY -> John Fogerty 5ujCegv1BRbEPTCwQqFk6t
[14/2496] none      NILE RODGERS & CHIC -> - 
[15/2496] exact     THE LIBERTINES -> The Libertines 4fSPtBgFPZzygkY6MehwQ7
[16/2496] ambiguous BUSTA RHYMES -> Busta Rhymes 1YfEcTuGvBQ8xSD1f53UnK
[17/2496] exact     GRACIE ABRAMS -> Gracie Abrams 4tuJ0bMpJh08umKkEXKUI5
[18/2496] exact     WET LEG -> Wet Leg 2TwOrUcYnAlIiKmVQkkoSZ
[19/2496] exact     EZRA COLLECTIVE -> Ezra Collective 5BRAUN0yN8557PLRZIr02W
[20/2496] exact     AMYL AND THE SNIFFERS -> Amyl and The Sniffers 3NqV2DJoAWsjl787bWaHW7
[21/2496] exact     WOLF ALICE -> Wolf Alice 3btzEQD6sugImIHPMRgkwV
[22/2496] exact     MARIBOU STATE -> Maribou State 7zrkALJ9ayRjzysp4QYoEg
[23/2496] exact     OVERMONO -> Overmono 01PnN11ovfen6xUOHfNpn3
[24/2496] exact     FOUR TET -> Four Tet 7Eu1txygG6nJttLHbZdQOh
[25/2496] exact     JORJA SMITH -> Jorja Smith 1CoZyIx7UvdxT5c8UkMzHd
[26/2496] exact     DEFTONES -> Deftones 6Ghvu1VvMGScGpOUJBAHNH
[27/2496] exact     BURNING SPEAR -> Burning Spear 6qaKS0nzGP4hfjl4aFZmEU
[28/2496] exact     CMAT -> CMAT 3VBNIRx1LxVdRqOiPgkLwv
[29/2496] exact     SUPERGRASS -> Supergrass 0sHeX8oQ6o7xic3wMf4NBU
[30/2496] exact     THE SCRIPT -> The Script 3AQRLZ9PuTAozP28Skbq8V
[31/2496] exact     BRANDI CARLILE -> Brandi Carlile 2sG4zTOLvjKG1PSoOyf5Ej
[32/2496] exact     KAISER CHIEFS -> Kaiser Chiefs 0LbLWjaweRbO4FDKYlbfNt
[33/2496] ambiguous CELESTE -> Celeste 49HlOY4gkHqsYG9GCuhkcc
[34/2496] exact     THE SELECTER -> The Selecter 3wRksusBxJ6npu0PryYheF
[35/2496] ambiguous FRANZ FERDINAND -> Franz Ferdinand 0XNa1vTidXlvJ2gHSsRi4A
[36/2496] ambiguous INHALER -> Inhaler 6lyMYewq2SuTFIXgiv7OxH
[37/2496] exact     WEEZER -> Weezer 3jOstUTkEu2JkjvRdBA5Gu
[38/2496] exact     BEABADOOBEE -> beabadoobee 35l9BRT7MXmM8bv2WDQiyB
[39/2496] exact     SNOW PATROL -> Snow Patrol 3rIZMv9rysU7JkLzEaC5Jp
[40/2496] ambiguous TURNSTILE -> Turnstile 2qnpHrOzdmOo1S4ox3j17x
[41/2496] exact     JOY CROOKES -> Joy Crookes 5XMyhVhi5ZN2pi0Qwi1zXS
[42/2496] exact     SHABOOZEY -> Shaboozey 3y2cIKLjiOlp1Np37WiUdH
[43/2496] ambiguous BADBADNOTGOOD -> BADBADNOTGOOD 65dGLGjkw3UbddUg2GKQoZ
[44/2496] exact     DENZEL CURRY -> Denzel Curry 6fxyWrfmjcbj5d12gXeiNV
[45/2496] exact     EN VOGUE -> En Vogue 5fikk4h5qbEebqK2Fc6e48
[46/2496] ambiguous VIEUX FARKA TOURÉ -> Vieux Farka Touré 4PmxbsWP1u0TnvqcrIA9ze
[47/2496] exact     GLASS BEAMS -> Glass Beams 1LTFJvVvRw7ghAyThxYmnF
[48/2496] ambiguous AMAARAE -> Amaarae 21UPYSRWFKwtqvSAnFnSvS
[49/2496] exact     GREENTEA PENG -> Greentea Peng 5z9wLR0RGBcWMXr4fCZW0K
[50/2496] exact     YUSSEF DAYES -> Yussef Dayes 2rspptKP0lPBdlJJAJHqht
[51/2496] ambiguous KNEECAP -> KNEECAP 1ZVACPeq7ccGCoUXwtafUU
[52/2496] exact     BOB VYLAN -> Bob Vylan 6XgIk9Y6qy6JCMZVime6DQ
[53/2496] ambiguous PARCELS -> Parcels 3oKRxpszQKUjjaHz388fVA
[54/2496] exact     THE BRIAN JONESTOWN MASSACRE -> The Brian Jonestown Massacre 30uiS1n3uIGXJEYFR1GVDy
[55/2496] exact     GOAT -> Goat 6jP9Z7o6WlbYvKUOeO5SbP
[56/2496] exact     BLACK UHURU -> Black Uhuru 5keeQyPKYRxUCKDMECTXG3
[57/2496] ambiguous CYMANDE -> Cymande 4hfcSstwnyuBoek1dQwLkG
[58/2496] ambiguous FLOATING POINTS -> Floating Points 2AR42Ur9PcchQDtEdwkv4L
[59/2496] exact     PINKPANTHERESS -> PinkPantheress 78rUTD7y6Cy67W1RVzYs7t
[60/2496] exact     BLOSSOMS -> Blossoms 22RISwgVJyZu9lpqAcv1F5
[61/2496] ambiguous LOLA YOUNG -> Lola Young 67FB4n52MgexGQIG8s0yUH
[62/2496] ambiguous MYLES SMITH -> Myles Smith 3bO19AOone0ubCsfDXDtYt
[63/2496] exact     SCISSOR SISTERS -> Scissor Sisters 3Y10boYzeuFCJ4Qgp53w6o
[64/2496] exact     FATHER JOHN MISTY -> Father John Misty 2kGBy2WHvF0VdZyqiVCkDT
[65/2496] exact     TV ON THE RADIO -> TV On The Radio 3HJIB8sYPyxrFGuwvKXSLR
[66/2496] ambiguous NOVA TWINS -> Nova Twins 7I95CM75shzCjHuTzrepjM
[67/2496] ambiguous JADE -> JADE 24b0qNYNgeOfpP5rbljIB3
[68/2496] ambiguous AJ TRACEY -> AJ Tracey 4Xi6LSfFqv26XgP9NKN26U
[69/2496] exact     ST. VINCENT -> St. Vincent 7bcbShaqKdcyjnmv4Ix8j6
[70/2496] exact     DJO -> Djo 5p9HO3XC5P3BLxJs5Mtrhm
[71/2496] exact     SPRINTS -> SPRINTS 27nD8P491xX8UzG3j01eIY
[72/2496] none      ANOHNI AND THE JOHNSONS -> - 
[73/2496] ambiguous SELF ESTEEM -> Self Esteem 3K9muOlJVKLgH4SIwwZiDe
[74/2496] exact     WUNDERHORSE -> Wunderhorse 41pd7r1XBRsvdxY3vHEgib
[75/2496] exact     OSEES -> Osees 0Ynh5WKqwbdYqJUpVpfEGS
[76/2496] exact     ENGLISH TEACHER -> English Teacher 5H9IFTRxSICj24uxO15ScU
[77/2496] exact     FAYE WEBSTER -> Faye Webster 5szilpXHcwOqnyKLqGco5j
[78/2496] ambiguous CARIBOU -> Caribou 4aEnNH9PuU1HF3TsZTru54
[79/2496] ambiguous BETH GIBBONS -> Beth Gibbons 6Lt6KFXX3P0v6vfrynQAMo
[80/2496] ambiguous GARY NUMAN -> Gary Numan 5KQMtyPE8DCQNUzoNqlEsE
[81/2496] ambiguous PA SALIEU -> Pa Salieu 290nCNEce1y6rfoJiO2rK7
[82/2496] exact     LUCY DACUS -> Lucy Dacus 07D1Bjaof0NFlU32KXiqUP
[83/2496] exact     JAPANESE BREAKFAST -> Japanese Breakfast 7MoIc5s9KXolCBH1fy9kkw
[84/2496] exact     THE MACCABEES -> The Maccabees 0vW8z9pZMGCcRtGPGtyqiB
[85/2496] exact     FUTURE ISLANDS -> Future Islands 1WvvwcQx0tj6NdDhZZ2zZz
[86/2496] ambiguous KAE TEMPEST -> Kae Tempest 1YcprGtF13BYCZQK9jYPEw
[87/2496] ambiguous GIRL IN RED -> girl in red 3uwAm6vQy7kWPS2bciKWx9
[88/2496] exact     ROYEL OTIS -> Royel Otis 5b5bt4mZQpJMoCRbiQ7diH
[89/2496] exact     KATY J PEARSON -> Katy J Pearson 6xBsaFua2lgAUlNv8Yh0nQ
[90/2496] exact     NICK LOWE -> Nick Lowe 3BqaUtuQmqIHg7B5Bc7fP7
[91/2496] exact     THE BIG MOON -> The Big Moon 0KU55rzxAihPhi27MAuz9O
[92/2496] ambiguous LEFTFIELD -> Leftfield 72hqBMsw7x5jnfxxwkii8L
[93/2496] exact     PAWSA -> PAWSA 4E0HD2PMY8kQJIjlShrLUS
[94/2496] ambiguous FATBOY SLIM -> Fatboy Slim 4Y7tXHSEejGu1vQ9bwDdXW
[95/2496] exact     DANILO PLESSOW -> Danilo Plessow 3frW3pRt2IpKAysgM8ksle
[96/2496] exact     RIZZLE KICKS -> Rizzle Kicks 2ajhZ7EA6Dec0kaWiKCApF
[97/2496] none      FABIO & GROOVERIDER AND THE OUTLOOK ORCHESTRA -> - 
[98/2496] exact     SKEPTA -> Skepta 2p1fiYHYiXz9qi0JJyxBzN
[99/2496] exact     GOOD NEIGHBOURS -> Good Neighbours 52N3KGrTWDRhdQJrgBTofE
[100/2496] exact     ALESSI ROSE -> Alessi Rose 6QXtidyXX0uGggafrYdktx
[101/2496] exact     NADINE SHAH -> Nadine Shah 75OpU10VolujEA1pl0h1dX
[102/2496] exact     LOUIS DUNFORD -> Louis Dunford 7JQQENqbvCU2R9xeI9G342
[103/2496] exact     CA7RIEL & PACO AMOROSO -> CA7RIEL & Paco Amoroso 6I8TDGeUmmLom8auKPzMdX
[104/2496] exact     CORTO.ALTO -> corto.alto 5Kd7e5lauV4CDdTHm5uiJH
[105/2496] exact     NILÜFER YANYA -> Nilüfer Yanya 09kXLeOXRyfNQMXRaDO4qA
[106/2496] exact     INFINITY SONG -> Infinity Song 2PZThLYBW7XtcYVzQms8oM
[107/2496] none      ABEL SELAOCOE & THE BANTU ENSEMBLE -> - 
[108/2496] exact     THANDII -> Thandii 68YD0oUAF8k1NqEFAIx60M
[109/2496] ambiguous SHED SEVEN -> Shed Seven 3iejrAcqxYoVgyxp6zkWgs
[110/2496] ambiguous FAT DOG -> Fat Dog 4DLjEphXbW7qIhX4iwmNEe
[111/2496] exact     TOM ODELL -> Tom Odell 2txHhyCwHjUEpJjWrEyqyX
[112/2496] exact     FCUKERS -> Fcukers 3UtzOHYm3lQALkKzVD4wyO
[113/2496] ambiguous SORRY -> Sorry 5eUda4BaWhUQWWJiP1ml5v
[114/2496] exact     THE AMAZONS -> The Amazons 7243txmysJ4KbRmH8UAMKO
[115/2496] exact     BLACK COUNTRY, NEW ROAD -> Black Country, New Road 3PP6ghmOlDl2jaKaH0avUN
[116/2496] exact     GURRIERS -> Gurriers 0bPAi2zCrxUrPBREWdetZ5
[117/2496] exact     WESTSIDE COWBOY -> Westside Cowboy 5LfO4rbJarBvHjB34mU9m2
[118/2496] exact     JALEN NGONDA -> Jalen Ngonda 2kEDso93O2hDgCbnuiSkkZ
[119/2496] exact     JOHN GLACIER -> John Glacier 0FNfiTQCR5o3ounOlWzm1d
[120/2496] exact     HORSEGIRL -> Horsegirl 2FDvUb4YgyUPpmnm1ILPra
[121/2496] ambiguous ICHIKO AOBA -> Ichiko Aoba 6ignRjbPmLvKdtMLj9a5Xs
[122/2496] ambiguous YANN TIERSEN -> Yann Tiersen 00sazWvoTLOqg5MFwC68Um
[123/2496] exact     GEORDIE GREEP -> Geordie Greep 65Msz2E34NUtbjEbsrsJlJ
[124/2496] exact     MELIN MELYN -> Melin Melyn 0wTfMphWYgAHdaXricLywe
[125/2496] exact     ANI DIFRANCO -> Ani DiFranco 0AiTwNtYX8m4uhfU7rJ8RD
[126/2496] exact     THE SEARCHERS -> The Searchers 4QmkLL9JOqM9dusHS1Hghe
[127/2496] exact     DHANI HARRISON -> Dhani Harrison 0BNG5EOWoNlIE1Q1c4L0Kh
[128/2496] exact     BILLIE MARTEN -> Billie Marten 02YLJJnWC7YQVixkjEBRn7
[129/2496] exact     SKERRYVORE -> Skerryvore 0rvuzsIPX7eql9Iq8e8AUA
[130/2496] ambiguous HUGH CORNWELL -> Hugh Cornwell 6AtjcomJ1mUSPsTAGVIhJN
[131/2496] exact     GABRIELLE APLIN -> Gabrielle Aplin 3w6zswp5THsSKYLICUbDTZ
[132/2496] ambiguous TIFT MERRITT -> Tift Merritt 2jL1PBvL0gBZBPk6B38p3z
[133/2496] ambiguous NADIA REID -> Nadia Reid 6ZoRg8NnEtVmtUhgCTSCrn
[134/2496] ambiguous OUR MAN IN THE FIELD -> Our Man In The Field 20iCBa8pr4rfazbp0cHQO4
[135/2496] exact     HOTHOUSE FLOWERS -> Hothouse Flowers 2szQRWh2F0RUs9bkbepwok
[136/2496] ambiguous JEREMY LOOPS -> Jeremy Loops 0Dct2Gu0qEbgGRjfaxew8g
[137/2496] ambiguous THE CORONAS -> The Coronas 2tppd6KkhK4ULAd217Ecq1
[138/2496] exact     THE BLUEBELLS -> The Bluebells 59FA7hfd0gJCIVBN0GygHg
[139/2496] none      NOT COMPLETELY UNKNOWN A CELEBRATION OF THE SONGS OF BOB DYLAN FEATURING: PAUL CARRACK, SID GRIFFIN, KATYA, RALPH MCTELL, LIAM O MAONLAI -> - 
[140/2496] exact     SOPHIE B. HAWKINS -> Sophie B. Hawkins 3gdIwZY6Q3RXhDteYr4ZvC
[141/2496] exact     OISIN LEECH -> Oisin Leech 1QWgx9hFrCazwvkqOGu77C
[142/2496] exact     LORRAINE NASH -> Lorraine Nash 1bUf19ghBWtUjeBVf6c9CY
[143/2496] ambiguous HENRY GRACE -> Henry Grace 4QSOwlnim2Tb1hgrHakjyV
[144/2496] ambiguous ROY HARPER -> Roy Harper 424ZDRAZzCKKUXvzvv52ox
[145/2496] none      THE BOOTLEG BEATLES -> - 
[146/2496] none      RHIANNON GIDDENS WITH DIRK POWELL -> - 
[147/2496] exact     LONDON COMMUNITY GOSPEL CHOIR -> London Community Gospel Choir 5DhdFUvQCHgY2F9mVL8uoz
[148/2496] exact     PP ARNOLD -> P.P. Arnold 5TjpsMnYz8lxTr91olqbEh
[149/2496] exact     THE RIPTIDE MOVEMENT -> The Riptide Movement 1MuRcEsmTkLsTJZVAxLPqO
[150/2496] exact     MICHELE STODART -> Michele Stodart 7ritjcrqfuDJoXWZv8OIMG
[151/2496] ambiguous THE HENRY GIRLS -> The Henry Girls 02KeGV8345Zm6WfWdCiD2i
[152/2496] exact     TOBY LEE -> Toby Lee 059zYnVrxnkUTiNIrHHYyz
[153/2496] none      DAWN LANDES & FRIENDS PERFORM THE LIBERATED WOMAN’S SONGBOOK -> - 
[154/2496] ambiguous THE FRATELLIS -> The Fratellis 3M4ThdJR28z9eSMcQHAZ5G
[155/2496] exact     TERRORVISION -> Terrorvision 3jNwnthjUjHYvjyvRGfWuQ
[156/2496] exact     THE MAGIC NUMBERS -> The Magic Numbers 0P2q6xyNc2hVFkG3ThjYcJ
[157/2496] exact     ORLA GARTLAND -> Orla Gartland 3ajf12ub55b51qcS94d9Co
[158/2496] exact     ASH -> Ash 2evydP72Z45DouM4uMGsIE
[159/2496] exact     PARIS PALOMA -> Paris Paloma 2EXpthNgSeTDeX8nGwxppp
[160/2496] exact     RUMBA DE BODAS -> Rumba de Bodas 43IQ5G04w55ib9XRwCAoIJ
[161/2496] ambiguous BEANS ON TOAST -> Beans on Toast 6fVeXD7D2RpFoR6bzNEDPo
[162/2496] exact     HARD-FI -> Hard-Fi 14Gi3Uph96lpNB3utkoVAD
[163/2496] exact     TOM WALKER -> Tom Walker 7z2avKuuiMAT4XZJFv8Rvh
[164/2496] ambiguous RACHEL CHINOURIRI -> Rachel Chinouriri 4wrzxtBZw20ufDstKyTnnP
[165/2496] exact     JADE BIRD -> Jade Bird 7D8LuVnlyu91ndcPe70j7S
[166/2496] none      THE AMY WINEHOUSE BAND -> - 
[167/2496] ambiguous JAMIE CULLUM -> Jamie Cullum 3XxxEq6BREC57nCWXbQZ7o
[168/2496] exact     STEPHEN WILSON JR. -> Stephen Wilson Jr. 4DSDa4HvAWqvb3dMHUOAfd
[169/2496] exact     BESS ATWELL -> Bess Atwell 6Pim5E5Lm03COsjHj2aEiK
[170/2496] exact     FÜLÜ -> FÜLÜ 4F9nw0Mfc5m2g3FygKNnDC
[171/2496] exact     ALABAMA 3 -> Alabama 3 25zUD40u8M2kJmdcabBzrz
[172/2496] exact     BEAR'S DEN -> Bear's Den 0nJaMZM8paoA5HEUTUXPqi
[173/2496] ambiguous SAM RYDER -> Sam Ryder 1rvnJJghrxl1xakJZct08m
[174/2496] exact     MY BABY -> MY BABY 0c103ZyWDycpfVxR0lNrjm
[175/2496] exact     THE HORNE SECTION -> The Horne Section 3YbXKlUg8z5impJg2DN7x5
[176/2496] ambiguous BROOKE COMBE -> Brooke Combe 0JXwYf8x27ZfMO2gGuh6HO
[177/2496] exact     TALISK -> Talisk 1khU7sW2d95qMTDnyDfzBT
[178/2496] exact     DEA MATRONA -> Dea Matrona 2mjBLM7k51GwUPhN1miEHY
[179/2496] exact     SALLY C -> Sally C 3AkVHCDEo2WuaVtMglFfN8
[180/2496] exact     JOY ORBISON -> Joy Orbison 0aIpJqqTLf683ojWREc5lg
[181/2496] exact     ELIZA ROSE -> Eliza Rose 4XC335ouK6pXyq4QiIb8bP
[182/2496] none      ROSS FROM FRIENDS PRESENTS: BUBBLE LOVE -> - 
[183/2496] exact     LAUREN LO SUNG -> Lauren Lo Sung 2skgOXx0JaoCoR7gqJYH05
[184/2496] ambiguous MARSHALL JEFFERSON -> Marshall Jefferson 2Di8r9df6xjyj6CVOqbGVz
[185/2496] none      MJ COLE PRESENTS: SINCERE -> - 
[186/2496] exact     DAMIAN LAZARUS -> Damian Lazarus 3EIJ8wiUHbgkRCt5cpRrQv
[187/2496] ambiguous SETH TROXLER -> Seth Troxler 3JkLFcTej6tdwZoQT6Nx4B
[188/2496] none      SKEPTA B2B MOCHAKK B2B CARLITA -> - 
[189/2496] none      SHYGIRL PRESENTS: CLUB SHY -> - 
[190/2496] none      KETTAMA B2B INTERPLANETARY CRIMINAL -> - 
[191/2496] none      DANIEL AVERY B2B IMOGEN -> - 
[192/2496] exact     FISH56OCTAGON -> Fish56Octagon 46Ro78dkP2X0XUKmiovwL3
[193/2496] exact     K KLASS -> K-Klass 4O1s9iVG46lSn1mD9ek1ES
[194/2496] none      CARL COX & ERIC POWELL'S MOBILE DISCO -> - 
[195/2496] exact     CRAZY P -> Crazy P 6jOz2B9qeID4dLP1o8bFGf
[196/2496] ambiguous BEL COBAIN -> Bel Cobain 6JvEcv04PhUKWrUYZJrj1F
[197/2496] exact     AMELIE LENS -> Amelie Lens 5Ho1vKl1Uz8bJlk4vbmvmf
[198/2496] exact     RICHIE HAWTIN -> Richie Hawtin 3AhwIUus3pIaA3CvYBEtpy
[199/2496] exact     MAX COOPER -> Max Cooper 0WSSKmoRbxqLf3MnXInQ2J
[200/2496] exact     ANNIE MAC -> Annie Mac 41DZ1or3s4tphMQnLC5RNk
[201/2496] ambiguous NABIHAH IQBAL -> Nabihah Iqbal 7pPOvwCq4bb2iObs8twDir
[202/2496] none      DELE SOSIMI AFROBEAT EXPERIENCE -> - 
[203/2496] exact     TUNNG -> Tunng 6k8oBFzievbIn6XJK0pDpa
[204/2496] exact     ELECTRIC JALABA -> Electric Jalaba 2SVMaZH6NEo8Xr4LCDbPoA
[205/2496] none      CHANNEL ONE SOUND SYSTEM -> - 
[206/2496] exact     SHERELLE -> SHERELLE 2TFDQkQ7LahhuwL9p7R6MO
[207/2496] exact     GOLDIE -> Goldie 2SYqJ3uDLLXZNyZdLKBy4M
[208/2496] none      A GUY CALLED GERALD + THE JUNGLE DRUMMER -> - 
[209/2496] exact     DEEP DISH -> Deep Dish 720JYpdCgHuTmDeryW0wEA
[210/2496] exact     THE ORB -> The Orb 5HAtRoEPUvGSA7ziTGB1cF
[211/2496] exact     THIRD WORLD -> Third World 6qfKnsgz1CwyqA7lTdieRJ
[212/2496] ambiguous OMEGA NEBULA -> OMEGA NEBULA 2iWJJEfxmQK1CZeWqjh4Xn
[213/2496] ambiguous K.O.G -> K.O.G 6n5BdjorrfFAe3OVqHHfUi
[214/2496] ambiguous DON LETTS -> Don Letts 79UXgdUqtyrIIAzgGzGkAa
[215/2496] exact     BILLY BRAGG -> Billy Bragg 5yXAFDZNUNyO92l5WTImkO
[216/2496] exact     ANTONY SZMIEREK -> Antony Szmierek 1odn2oz1bEsGWugQ8W3zhn
[217/2496] exact     JASMINE.4.T -> jasmine.4.t 2mSYfudGtQzxNYHApMjZBm
[218/2496] exact     THE MEFFS -> The Meffs 0PY1X64i2EWLucPpunaJRy
[219/2496] none      RADICAL ROUND UP: WITH BILLY BRAGG, JASMINE.4.T, HOLLY CARTER -> - 
[220/2496] none      PANEL: FEMINISM IN THE AGE OF THE MANOSPHERE WITH BEYOND EQUALITY, CARYS AFOKO, MARAI LARASI, SUSIE MCDONALD, NIM RALPH -> - 
[221/2496] none      PANEL: WHAT NEXT FOR THE LEFT: POLITICS, ORGANISING AND POWER WITH ASH SARKAR, CHANTELLE LUNT, GARY YOUNGE, HARRIET PROTHEROE-SOLTANI, AYEISHA THOMAS SMITH -> - 
[222/2496] exact     KATE NASH -> Kate Nash 5vBKu1igxFo6g1sHADkIdg
[223/2496] exact     LAMBRINI GIRLS -> Lambrini Girls 6VR4TJ20WGiho2xZWMuuWb
[224/2496] ambiguous THE GUEST LIST -> The Guest List 3MlBGzJspD6CjrHRYbR4OQ
[225/2496] exact     CHLOE SLATER -> Chloe Slater 43R8Umt7qVmJCcOZGWJy24
[226/2496] ambiguous GIRLBAND! -> GIRLBAND! 3QSwq9CQMjqe01RtbKqz0F
[227/2496] none      RADICAL ROUND UP: WITH BILLY BRAGG, RIANNE DOWNEY, ANDY WHITE -> - 
[228/2496] none      PANEL: SAVING THE PLANET BUT NOT LEAVING THE WORKERS BEHIND WITH CAROLINE LUCAS, NEW ECONOMICS FOUNDATION, PORT TALBOT STEEL WORKER, UNITE THE UNION, GRACIE MAE BRADLEY -> - 
[229/2496] none      PANEL: CONFRONTING THE RISE OF THE FAR RIGHT WITH ADAM GREEN, CAROL CADWALLADR, HOPE NOT HATE, ZARAH SULTANA MP, JOHN HARRIS -> - 
[230/2496] exact     GRANDSON -> grandson 4ZgQDCtRqZlhLswVS6MHN4
[231/2496] exact     REVEREND AND THE MAKERS -> Reverend And The Makers 14GEKKALFIO2oB9IdGXg2e
[232/2496] exact     RED RUM CLUB -> Red Rum Club 36ccNWK0en3ouoLFpWfgJb
[233/2496] exact     DU BLONDE -> Du Blonde 46MOKAqmDsUILZl3iXyPmw
[234/2496] exact     THE HALFWAY KID -> The Halfway Kid 6RKOqm8A3960vhcYYG97SB
[235/2496] none      RADICAL ROUND UP: WITH BILLY BRAGG, GRANDSON, JAMIE WEBSTER -> - 
[236/2496] none      PANEL: DISABILITY CUTS: THE FIGHT BACK WITH ADY, MY LIFE MY CHOICE, ANDY BURNHAM, DISABLED PEOPLE AGAINST THE CUTS, LAYLA STEADMAN-BEVAN, JOHN HARRIS -> - 
[237/2496] none      PANEL: HOW TO FIX THE CRISIS OF CARE WITH ASHLEY JOHN-BAPTISTE, DAISY-MAY HUDSON, EMILY KENWAY, FILIPINO DOMESTIC WORKERS ASSOC., MINNIE RAHMAN -> - 
[238/2496] none      JOB JOBSE B2B PALMS TRAX -> - 
[239/2496] ambiguous ROMY -> Romy 3X2DdnmoANw8Rg8luHyZQb
[240/2496] ambiguous SONNY FODERA -> Sonny Fodera 39B7ChWwrWDs7zXlsu3MoP
[241/2496] none      DRAGONFLY SHOW -> - 
[242/2496] ambiguous OPTIMO -> Optimo 0GlNefxv0mkMduqWE2hrOj
[243/2496] exact     LOGIC 1000 -> Logic1000 2EFsfh1zewsSWhDINv7j1I
[244/2496] none      GROOVE ARMADA B2B JUNGLE -> - 
[245/2496] none      ANNIE MAC B2B JAMZ SUPERNOVA -> - 
[246/2496] none      MICHAEL BIBI B2B SOLOMUN -> - 
[247/2496] exact     HANNAH WANTS -> Hannah Wants 7sK4hnuUOXw6VStDw0q8NI
[248/2496] ambiguous DANNY HOWARD -> Danny Howard 14MtanGZe4G1fzC8raLFUK
[249/2496] none      BASSLAYERZ B2B BORN ON ROAD -> - 
[250/2496] none      SHY FX B2B EATS EVERYTHING -> - 
[251/2496] ambiguous BECKY HILL -> Becky Hill 4EPJlUEBy49EX1wuFOvtjK
[252/2496] exact     GIRLS DONT SYNC -> Girls Don't Sync 4SluGaQhJuMDsRRMf1PWKT
[253/2496] none      DR BANANA B2B GALLEGOS -> - 
[254/2496] ambiguous EVA LAZARUS -> Eva Lazarus 68eE2HHE6By6hOsOcsArcp
[255/2496] exact     JEREMIAH ASIAMAH -> Jeremiah Asiamah 4a8asYwblfRPbHxD6Oc7W4
[256/2496] exact     ADIEL -> Adiel 1yetl1fEx0mE16k164jXvw
[257/2496] ambiguous MARIE DAVIDSON -> Marie Davidson 7xJVICbAWizNBKBD3mRWjF
[258/2496] exact     ROZA TERENZI -> Roza Terenzi 403OOa2mD7jcUgpC8F7Qgs
[259/2496] none      CONFIDENCE MAN (DJ) B2B JOB JOBSE -> - 
[260/2496] exact     PALMS TRAX -> Palms Trax 52XSRQqTAfZ8ZrIqkQvQyA
[261/2496] none      PEACH B2B CLUB FITNESS -> - 
[262/2496] exact     CALIBRE -> Calibre 0sklgkoO5JeS7YNhHS5EmH
[263/2496] none      GOLDIE B2B SPECIAL REQUEST -> - 
[264/2496] ambiguous LTJ BUKEM -> LTJ Bukem 5Wfn5sc1w3DhMTpU7oPJZL
[265/2496] none      LENS W/ DREAD MC -> - 
